// 同步 ID: 5b1ad6f5 @ Sun Jul 26 18:37:34 UTC 2026
// 重构日志: b274b2f9
// 同步 ID: 7f1f1e3a @ Tue Jul 28 00:22:56 UTC 2026
// 重构日志: 1897ec89
// 重构日志: 0c4660ed
// 重构日志: 0837505d
// 同步 ID: 26faa4a1 @ Wed Jul 29 04:57:08 UTC 2026
// 同步 ID: 5a026e58 @ Thu Jul 30 17:31:06 UTC 2026
// 同步 ID: f3337575 @ Fri Jul 31 08:36:38 UTC 2026
// 重构日志: 8bb79ce0
// 同步 ID: 5602b559 @ Fri Jul 31 18:35:38 UTC 2026
// 重构日志: a9ad6d38
// 重构日志: 0967fc3f
// 同步 ID: 7b34df71 @ Sat Aug  1 14:38:48 UTC 2026
// 重构日志: 340b00ba
// 重构日志: 1532f01a
// 重构日志: b86e1220
// 重构日志: aa82191a
// 重构日志: 66732876
// 重构日志: df17b073
// 重构日志: b81745a2
// 同步 ID: 32ec6d58 @ Mon Aug  3 17:33:33 UTC 2026
// 重构日志: 1b1a0a38
// 同步 ID: 4c40bddc @ Wed Aug  5 08:38:39 UTC 2026
// 重构日志: c36eea6d
// 重构日志: 27165378
// 同步 ID: ee3b1371 @ Thu Aug  6 11:47:37 UTC 2026
// 重构日志: 59e4be20
// 同步 ID: 7028e9aa @ Fri Aug  7 04:01:35 UTC 2026
// 同步 ID: 75fc63db @ Fri Aug  7 08:40:36 UTC 2026
